Microsoft Windows [Version 10.0.19043.1165]
(c) Microsoft Corporation. All rights reserved.

C:\Users\dell>docker command
docker: 'command' is not a docker command.
See 'docker --help'

C:\Users\Pooja>docker

Usage:  docker [OPTIONS] COMMAND

A self-sufficient runtime for containers

Options:
      --config string      Location of client config files (default
                           "C:\\Users\\dell\\.docker")
  -c, --context string     Name of the context to use to connect to the
                           daemon (overrides DOCKER_HOST env var and
                           default context set with "docker context use")
  -D, --debug              Enable debug mode
  -H, --host list          Daemon socket(s) to connect to
  -l, --log-level string   Set the logging level
                           ("debug"|"info"|"warn"|"error"|"fatal")
                           (default "info")
      --tls                Use TLS; implied by --tlsverify
      --tlscacert string   Trust certs signed only by this CA (default
                           "C:\\Users\\dell\\.docker\\ca.pem")
      --tlscert string     Path to TLS certificate file (default
                           "C:\\Users\\dell\\.docker\\cert.pem")
      --tlskey string      Path to TLS key file (default
                           "C:\\Users\\dell\\.docker\\key.pem")
      --tlsverify          Use TLS and verify the remote
  -v, --version            Print version information and quit

Management Commands:
  builder     Manage builds
  buildx*     Build with BuildKit (Docker Inc., v0.6.1-docker)
  compose*    Docker Compose (Docker Inc., v2.0.0-rc.2)
  config      Manage Docker configs
  container   Manage containers
  context     Manage contexts
  image       Manage images
  manifest    Manage Docker image manifests and manifest lists
  network     Manage networks
  node        Manage Swarm nodes
  plugin      Manage plugins
  scan*       Docker Scan (Docker Inc., v0.8.0)
  secret      Manage Docker secrets
  service     Manage services
  stack       Manage Docker stacks
  swarm       Manage Swarm
  system      Manage Docker
  trust       Manage trust on Docker images
  volume      Manage volumes

Commands:
  attach      Attach local standard input, output, and error streams to a running container
  build       Build an image from a Dockerfile
  commit      Create a new image from a container's changes
  cp          Copy files/folders between a container and the local filesystem
  create      Create a new container
  diff        Inspect changes to files or directories on a container's filesystem
  events      Get real time events from the server
  exec        Run a command in a running container
  export      Export a container's filesystem as a tar archive
  history     Show the history of an image
  images      List images
  import      Import the contents from a tarball to create a filesystem image
  info        Display system-wide information
  inspect     Return low-level information on Docker objects
  kill        Kill one or more running containers
  load        Load an image from a tar archive or STDIN
  login       Log in to a Docker registry
  logout      Log out from a Docker registry
  logs        Fetch the logs of a container
  pause       Pause all processes within one or more containers
  port        List port mappings or a specific mapping for the container
  ps          List containers
  pull        Pull an image or a repository from a registry
  push        Push an image or a repository to a registry
  rename      Rename a container
  restart     Restart one or more containers
  rm          Remove one or more containers
  rmi         Remove one or more images
  run         Run a command in a new container
  save        Save one or more images to a tar archive (streamed to STDOUT by default)
  search      Search the Docker Hub for images
  start       Start one or more stopped containers
  stats       Display a live stream of container(s) resource usage statistics
  stop        Stop one or more running containers
  tag         Create a tag TARGET_IMAGE that refers to SOURCE_IMAGE
  top         Display the running processes of a container
  unpause     Unpause all processes within one or more containers
  update      Update configuration of one or more containers
  version     Show the Docker version information
  wait        Block until one or more containers stop, then print their exit codes

Run 'docker COMMAND --help' for more information on a command.

To get more help with docker, check out our guides at https://docs.docker.com/go/guides/

C:\Users\Pooja>docker pull nginx:1.75.5
Error response from daemon: manifest for nginx:1.75.5 not found: manifest unknown: manifest unknown

C:\Users\Pooja>docker pull nginx:1.17.5
1.17.5: Pulling from library/nginx
8d691f585fa8: Pull complete
5b07f4e08ad0: Pull complete
abc291867bca: Pull complete
Digest: sha256:922c815aa4df050d4df476e92daed4231f466acc8ee90e0e774951b0fd7195a4
Status: Downloaded newer image for nginx:1.17.5
docker.io/library/nginx:1.17.5

C:\Users\Pooja>docker image ls
REPOSITORY   TAG       IMAGE ID       CREATED         SIZE
nginx        1.17.5    540a289bab6c   23 months ago   126MB

C:\Users\Pooja>docker run --name my-nginx -d -p 8085:80 -v d:\docker-learn\html:/usr/share/nginx/html nginx:1.17.5
1bc1c52bbc3faff49c61c20f6a8741fc0d6fbb0546f40ea556c633781af6b2fb

C:\Users\dell>docker container ls
CONTAINER ID   IMAGE          COMMAND                  CREATED         STATUS         PORTS                                   NAMES
1bc1c52bbc3f   nginx:1.17.5   "nginx -g 'daemon of…"   2 minutes ago   Up 2 minutes   0.0.0.0:8085->80/tcp, :::8085->80/tcp   my-nginx

C:\Users\dell>docker stop my-nginx
my-nginx

C:\Users\dell>docker container ls
CONTAINER ID   IMAGE     COMMAND   CREATED   STATUS    PORTS     NAMES

C:\Users\dell>docker container ls -a
CONTAINER ID   IMAGE          COMMAND                  CREATED         STATUS                      PORTS     NAMES
1bc1c52bbc3f   nginx:1.17.5   "nginx -g 'daemon of…"   3 minutes ago   Exited (0) 28 seconds ago             my-nginx

C:\Users\dell>docker start my-nginx
my-nginx

C:\Users\dell>docker build
"docker build" requires exactly 1 argument.
See 'docker build --help'.

Usage:  docker build [OPTIONS] PATH | URL | -

Build an image from a Dockerfile

C:\Users\dell>
